
> prompting-test-project@0.1.0 build D:\APPS\union-claims-standalone
> next build

  Γû▓ Next.js 14.2.7
  - Environments: .env.local, .env.production, .env
  - Experiments (use with caution):
    ┬╖ instrumentationHook

   Creating an optimized production build ...
node.exe : Failed to compile.
At C:\Program Files\nodejs\pnpm.ps1:16 char:5
+     & "$basedir/node$exe"  "$basedir/node_modules/corepack/dist/pnpm. ...
+     ~~~~~~~~~~~~~~~~~~~~~~~~~~~~~~~~~~~~~~~~~~~~~~~~~~~~~~~~~~~~~~~~~
    + CategoryInfo          : NotSpecified: (Failed to compile.:String) [], RemoteException
    + FullyQualifiedErrorId : NativeCommandError
 

./app/api/analytics/claims/categories/route.ts
Module not found: Can't resolve '@/lib/db'

https://nextjs.org/docs/messages/module-not-found

./app/api/analytics/claims/route.ts
Error: 
  [31mx[0m Expression expected
    ,-[[36;1;4mD:\APPS\union-claims-standalone\app\api\analytics\claims\route.ts[0m:73:1]
 [2m73[0m | 
 [2m74[0m | export const GET = withTenantAuth(handler);
 [2m75[0m |         dateGrouping = sql`DATE(created_at)`;
 [2m76[0m |     }
    : [31;1m    ^[0m
 [2m77[0m | 
 [2m78[0m |     const claimsOverTime = await db
 [2m78[0m |       .select({
    `----

Caused by:
    Syntax Error

Import trace for requested module:
./app/api/analytics/claims/route.ts

./app/api/analytics/claims/stewards/route.ts
Module not found: Can't resolve '@/lib/db'

https://nextjs.org/docs/messages/module-not-found

./app/api/analytics/claims/trends/route.ts
Module not found: Can't resolve '@/lib/db'

https://nextjs.org/docs/messages/module-not-found

./app/api/analytics/members/churn-risk/route.ts
Module not found: Can't resolve '@/lib/db'

https://nextjs.org/docs/messages/module-not-found


> Build failed because of webpack errors
ΓÇëELIFECYCLEΓÇë Command failed with exit code 1.
