
> prompting-test-project@0.1.0 build D:\APPS\union-claims-standalone
> next build

  Γû▓ Next.js 14.2.7
  - Environments: .env.local, .env.production, .env
  - Experiments (use with caution):
    ┬╖ instrumentationHook

   Creating an optimized production build ...
node.exe :  ΓÜá Compiled with warnings
At C:\Program Files\nodejs\pnpm.ps1:16 char:5
+     & "$basedir/node$exe"  "$basedir/node_modules/corepack/dist/pnpm. ...
+     ~~~~~~~~~~~~~~~~~~~~~~~~~~~~~~~~~~~~~~~~~~~~~~~~~~~~~~~~~~~~~~~~~
    + CategoryInfo          : NotSpecified: ( ΓÜá Compiled with warnings:String) [], RemoteException
    + FullyQualifiedErrorId : NativeCommandError
 

./app/api/analytics/claims/categories/route.ts
Attempted import error: 'sql' is not exported from '@/db' (imported as 'sql').

Import trace for requested module:
./app/api/analytics/claims/categories/route.ts

./app/api/analytics/claims/categories/route.ts
Attempted import error: 'sql' is not exported from '@/db' (imported as 'sql').

Import trace for requested module:
./app/api/analytics/claims/categories/route.ts

./app/api/analytics/claims/stewards/route.ts
Attempted import error: 'sql' is not exported from '@/db' (imported as 'sql').

Import trace for requested module:
./app/api/analytics/claims/stewards/route.ts

./app/api/analytics/claims/trends/route.ts
Attempted import error: 'sql' is not exported from '@/db' (imported as 'sql').

Import trace for requested module:
./app/api/analytics/claims/trends/route.ts

./app/api/analytics/members/churn-risk/route.ts
Attempted import error: 'sql' is not exported from '@/db' (imported as 'sql').

Import trace for requested module:
./app/api/analytics/members/churn-risk/route.ts

./app/api/analytics/members/cohorts/route.ts
Attempted import error: 'sql' is not exported from '@/db' (imported as 'sql').

Import trace for requested module:
./app/api/analytics/members/cohorts/route.ts

./app/api/analytics/members/trends/route.ts
Attempted import error: 'sql' is not exported from '@/db' (imported as 'sql').
